type octile
height 200
width 150
map
@@@@.@@@@@@......@@.@......@........@.@@@.@..@@.@.@....@..@..@.@@...@......@@...@...@@.@........@..@.@.....@.@@@@....@...@@@.......@@@@........@@...@.
@...@@@.....@@...@.....@@..@@.@.........@@...@...@.@.@.@..@..@..@....@.....@.....@........@...@..@..........@@...@....@.@.........@@@.@...@@...@@.@.@@
....@....@.@@.@....@....@.@............@....@.@..............@@...@.@@.@.....@@@....@....@..@..@..@.@@.@..@..........@@.@@....@.@....@....@......@@@@.
.@@@.....@@.@..@@..@..@.......@.@.@..@..@@........@..@...@..@....@@@@@..@.....@..@....@@.@..@..@@.@......@@..@.@....@.@...@@......@@....@@...@@..@...@
@...@.......@......@@..@@...@@@..@@....@.............@..@@...@@......@@..@.@..@.@.@....@........@............@.@@....@@@@.....@.@...@..@.@@@@.@.....@@
.......@...............@....@@......@.....@..@.@....@.@.......@.@@...@....@....@.@.@@....@..........@...@.....@......@..@.......@@.@.@...@...........@
.@........@.....@@...@.@....@@.@@.@@..@@@@..@.@.@@......@..@@..@@@......@@@.@..........@.....@.@..@...@.....@.@.........@@..@.@.@..@..@...@.@...@...@.
...@@.....@@....@....@..@......@..@..@...@..@...@@@................@@@.....@.@......@..@........@@.....@.@..@@@@@...@....@...@..@...@.@.....@@@@@..@..
..@.....@...@..@.@@@......@@.....@.......@.@.@@.@@....@..........@.@@.@....@.@..@.@..@.@.....@@..@...@.@.....@@@.@..@.@....@...@...@.....@@...@..@.@@.
@...@...@..@@..@.@.........@....@@@...@.......@.@@........@......@@@...@..@.@..@@......@@.@.....@@...@...@@....@..@..@....@@.......@...@@.....@..@.@..
@@..@..@...@.@@.....@@.....@@..@.@.......@..@..@...........@.@@....@.....@..@........@..@..@............@.@..@....@..........@..@....@......@@.@...@..
..@.@.@.@.@...@..@..@...@......@@@.......@..@...@@..@.@....@...@@..@.............@@...........@@......@.@.....@...@..@........@...@@@..@@..@..@@..@@..
@...@.@@.@.@..@@.@@.@@......@.....@...@.@@...@@..@...@.@.@@@..@..@..@.....@@.@............@..@@@..@....@@.@....@@.....@........@...@...@.@...@....@.@.
........@@.@.........@.......@..@.@..@@..@@......@...@.@..@@...@@.@@.@@@@...@.......@..........@........@...@@.....@..@.@.......@...@.@...@@@.........
.@@@@....@...@@.......@..@.@@.....@.@@.@....@.@.@@@...........@....@.@.@..@..@@@...@....@...@@...@...@@........@@@.@.................@.....@@@.......@
.....@@....@...@@...................@.............@...@...@.....@@...@..@@.@........@....@@@.....@...........@@@.......@.@..@..@...@..@.@.@.....@.....
@...@...@...@.@..@..@.......@.@@.@...@@......@.....@@..........@.......@...@......@@....@...@@..@.@.....@.@@...@.....@.....@.@.@......................
....@@..@...@@...@.@@.........@...@@...........@......@.......@..@......@...@.@....@......@........@........@@........@.@.......@..@.@..@@@.@@.@@..@..
@.@...@......@....@@........@...@....@.......@...@...................@.....@.@.@.@@....@.@......@....@..@..@@...@@@.@...@....@@..@.@......@.@..@.@....
@..@@........@....@@.....@..@.@......@....@..@...@....@..@...@............@.@.@..@..@...@...@@@...@.@@@.....@..@.@..@@....@@..@@......@.@.@@.....@....
@@....@.@......@.@....@.......@@@..@.@...@..@.......@.......@..@..@...@......@..@@...@@.@..@@...@@....@..@....@..@@@......@........@@.........@..@.@@.
..@......@...@@...@.@.@.@.@.........@....@...@...@@@.@...@...@..@.@.........@@..@.........@@@@@.....@.@.@..@....@..@.@........@@....@.@...............
@..@.......@.....@...@.......@@@..@.....@..@@.@......@..@..@......@.@..@@...@.@.@.......@.@@...@@@.@...@@.......@..@.@...@....@...@@.@@.....@...@.@...
.@.@....@@...@...@...@@....@....@.@...@....@.@@@.@@..@.....@.....@.@..........@..@...@.@@.@.....@......@.....@.@......@..@............@.@.@.......@...
@..@......@.@.@.....@@.....@@....@...@..@.......@...@..@@...@@@@@...@...@@....@...@@..@....@.@...@@..@...@.@.@.......@.....@.@@...@.....@....@...@.@.@
..@..@....@.....@@@..@..........@...@..@@@@@..@.....@@@.@..@....@@......@...@....@...@.@......@@..@@@..@.@.@.@@......@........@...........@...@...@@..
.......@...@...@.@.@@..@@.@.@....@......@........@.@.@....@.....@.@.@@.@@@...@..@.@@.....@@...@.....@@...@...@..@..@..@....@@............@....@..@...@
@....@....@..@...@...........@@@@..@...@..........@.....@@@..@.@.@@.@.@@@......@.@.@.@........@..@.@@@.@..@.@@..@...@.....@@.@.@......@..........@@@@.
.@..@.@@..@...@..@..@..@......@..@.....@@........@..........@@....@@@.@....@@.....@..@....@@@@@@......@.@@..@.............@@@.@.@@@.@..@..@....@..@...
...@..........@...@..@.@.@...@@@......@.@..@@@...@@.@.......@.@@..@.@@.@...@......@@.........@@@.@.@@..@@.@@.......@....@@@..@.....@.....@.@.@....@.@.
.@@.@.@@.@..@@..@.....@@@..@@.@.@..@@@...@..@.@@.............@@...@.@......@.........@@@@...........@.@...@@..@...@...@@.@..@...........@.@........@..
@@...........@@.@.....@........@.....@.@.@.@....@....@@........@@.@......@@@...@...@@.@..........@...@@.....@..........@...@...@@@.@...@...@..@.....@@
...@.......@.....@....@......@.....@@@@@.@.@.....@.....@.@@.....@..@..@.@....................@.@@...@..@.@..@@.@@@@..@...@...@..@@@.@..........@..@..@
.....@@..@@..........@@...@.@.@.....@@........@.....@.....@.@......@@............@@@........@@@....@...@.........@@@@@.@.@@@..@...............@@.@.@..
......@...@@....@.@..@...@...@@@....@.@.@...........@.@@@@..@.@..@@.............@@...@@.@.....@.......@@@..@..@......@..@...@@.......@.@.....@@@.@..@.
@..@@........@...@.@@..@.............@@...@@.@.......@.........@@.............@@@....@....@.....@@@@@..@@@..@@..@.@......@@..@.@@.........@@@@@......@
@....@...@..@...@.......@.@.....@......@..@..@..@...@....@@.@..@@@@.........@...@@@.@.@.@....@..@...@@..@@.@.@..@.....................@@@.............
....@.@@.........@@....@.....@@...@.....................@.........@..................@......@.@...@.........@@..@.@@.............@..@.@@@.@@...@..@.@.
@..@.@..@.@..@..@...@....@.....@@.@....@.@............@..@@@@..@@...@@........@....@...@..@@@@......@.@.@..@.........@@.@.....@.@..@...@@@..@..@..@@..
....@.....@.....@....@......@.................@.@.@.....@@.@@.........@.@.@@.....@@...@...........@@...@.....@..@...@@@@....@@.....@....@.@....@@...@.
@..@...@.@....@@@......@.......@.......@@@....@..@.@@@..@..@..@.@..@@..@.@@......@.......@@...@..@....@.@.@@..@.@@..@@@@..@.@..@......@@@..@@.@@..@.@.
...@@......@@.@..........@.@.@.@.@.@@.@@..........@.@..@....@.@....@@@.@.@.@....@@........@....@.....@..@@@.......@@@.@@.@.....@.@.@@@.....@..@...@.@.
@.....@...@@..@...@@..@@@.....@.@@....@@............@@.@....@..@@@.....@..@.....@@......@@.....@@...@....@........@............@.@...@...@.@..@@......
...@.....@.@.@.........@..@..@.@..@......@....@...@....@..@@.....@..@@...........@@.....@...@..@.@@..............@.@...............@@.@..@@......@....
.@..@@.@......@.@...@.....@.....@...@.@@.@.@@....@.....@....@.....@.@@...@...@...@@....@@..@.@.@@..@@.@@...@.....@....@.@@@....@.....@@@@..@.@...@....
.@@...@......@..@....@.@@......@.........@....@@.@@@.......@@..@...@.@@......@@....@@.@..@......@..@@..@.@.@.......@.....@.@.........@....@.@@.....@..
@...@.....@......@...@..@@...@.@@.@..@........@....@@.....@...@....@....@@@.....@......@....@@@@...@.....@....@.....@..@@.@..@@@@@......@.@@..@..@.@..
@.@...@.....@.@@...........@......@...@.@@@..@.....@..@...@.@..@.........@..@@..@..@@...@.@@@..@@.@.....@@@@@@....@.......@.@...@@...@..@..@@.@...@.@.
..@.@@.....@.....@.....@...@.@.....@..@.@...@.@@@@............@@...@.@@..............@@@@...@...@....@..@....@@..@.@.@@@@@..@.@...@.@.@.@...@@...@..@.
@......@.@.@.@.@@.@...@.....@.@..@.......@@....@...@...@.@.@@.@...@.@.....@.@..@@....@...@....@..@.......@.....@.@..@@..@.@.@@.....@....@.@..@@..@.@..
@.@............@@.@.@..@@..@......@.@...@.....@.@....@..@@...@@@@........@..@@@.@....@....@@..............@..@..@@.@@@@.@.@..@@@@..@@.....@@@......@..
...@@.@@..@@@@@.....@...@...@...@..@@.@....@.@.@.....@.@.@.@@..@.@...........@@@.....@.....@...@............@@......@.@..@......@...@@....@@.......@..
.@...@.@..@.......@.@@..@@.@@..@..@.........@.........@.......@..@...@@.@...@....@........@.........@@.......@@..@@.@...@@@..@@....@.@...@..........@@
..@....@@..@@...@...@.....@@.......@..@...@..@..@@.@.......@..@.....@.@.@@@.@@.@.@@.@.@.....@..@....@..@..@.@..........@@.....@.......@......@.@@...@@
.........@@.@@..@.......@.@.@..@@@...@..........@........@.@...@..@..@@.@....@@@...@.@....@..@...@@....@..@.@.@@..@@.@..@@...........@...@..@@.....@..
.@...@.@.@@@@@@.@.@.@@@@@@......@........@@.@........@............@..@...@@@....@@@@.@.@.@....@.@@@@@@......@.@.@...@@..@...@.......@.......@.@....@.@
.....@...@.@@@...@..@..@.@..@.@.@@...@...@@...@..@@@..@.@...@..@...@....@.@..@....@.@@..@@@..@.....@..@...@......@@.@@.....@.........@...@..@........@
...@@@@.@..@...@..............@.@@.....@..@........@.@.....@...@@..@@.@@.@.....@@..@....@.@.....@.@.@@..@......@.@...@@.@....@@@@.............@....@..
@.@..@....@.@.@@@@..@@..@...@...@.@..@......@@@..@..@....@..@...@@.@@......@..@.@.....@@......@.@........@..@..@......@.@...........@.@..@.@......@...
@...@......@@.@....@..@.....@........@.@.@.@.@@.@@.@@@@@@...@................@....@@..@.@@@...@@@.@....@.@.....@.......@.@...@.@....@..........@@.@@@@
@........@@@......@..@@...@....@...@@..@@.....@..@.@..@.@..@....@..@...........@..................@.........@@@@.@@@@@.....@@.@........@.......@@.....
...@...@..@@@.@...@@....@....@....@.@............@@.@.........@..@...@@@.@............@...@....@@...@@@....@..@....@..@.@.@...@..@.......@@.@.@@......
.@@@@.@.............@......@@.@.....@.@..........@.@@@@@.@.@....@.@..@@.@.@.@..@.@.....@@@........@................@.....@...@@@.@@.@@......@@........
@..@.@.@.....@.@@..@.@@.@.........@.....@..@....@...@.........@.........@.@...............@..........@.@..........@.@...@....@...@...@..@..@@......@@@
.@.@.@.....@.......@......@.@....@....@@....@@.......@.@......@..@..@@@...........@...@.....@..@@.@...@@.@.....@...@.@@....@..@.@..@.@@.@.....@.@.....
.@....@@....@..@.........@...@..@@...@.@@...@.@@..........@..@@@......@.@..@..@@.@@....@...@..@.....@...@.....@@......@....@....@......@.....@@..@.@@@
.....@........@@......@@....@.....@..@...@.@@.@...@...@......@@..@@.@..@.....@..@@......@@.@....@@......@....@......@..@.@.......@.....@@....@.....@..
...@.@.@@@.@.@@..@......@@.@........@..@.....@.@.......@.....@.@.@..@@...@...@@...@....@....@@.@..@@..@.@.@...@.@..............@.@.@........@@@.@@.@..
@..@@..@..@@.@.@.@.@......@.@....@......@....@...........@@..@..@.......@....@@......@....@@...@.@..@@..@..@....@...@@...@.....@.....@...@.@@.......@.
......@....@@.@.@...........@..@.....@..@..@...........@@..@@........@@......@....@.@....@...@@@.....@.............@.....@@...@........@...@@.....@.@.
@..........@..@.........@.@@@@@....@..@.@..@..@..@..........@..@.@..........@@.@.@.@.....@.@.@@......@....@.@@.....@.@.@...............@@...@...@..@..
.@....@........@..@.@@..@.@.....@.......@@..@.....@......................@...@............@.@.@.....@.@...@..@@.@.....@.@.@.@...@@.@..@@.@@.@..@@.@..@
.@@....@..@......@..@...@@.@..@...@.@@...@.@@....@@..@.@.@@......@....@.@@.@.@.@...@@@.@@@......@.........@.@....@.@.@@@....@@@@....@..@.....@........
....@.....@.@@@.@@@.@.@...........@..@.@@...@.@@...@....@@....@.@@@@..@..@....@.............@.@..@.@@@@..@@.@@....@@@...@@@.........@.@@...@@.@@..@..@
..@.@...@....@@.@.@@......@@.@.@.@........@..@........@.@.@@@..@.....@....@.@...@@@.@......@@.@............@..@...@.@@...@.......@.......@........@...
@...@@......@.@........@......@@@..@@.@..@.@@.@..@.......@.@.....@...@@.@...@.@..@..@......@@..........@.@@@@@.@@...@.@@.........@@..@@..@.@.@.......@
@.@.....@.......@.....@.@......@..@......@.@.@...@.@...@@.@........@..@...@...@...@.....@...@.@.....@..........@.@@@....@......@.......@@...@@........
..@..@.......@........@.@..@.@@.@.....@@..@...@..@.@.......@........@.....@@..@......@...@@@..@@...........@.........@...@.@.@....@@@...@....@..@..@.@
.@.....@.@.@.@..................@..@@..@@@...@..........@..@@@...@.....@@....@.....@....@........@@@.@................@.....@@..@...@.........@.@.@...
@@...@...@.....@.......@...............@..@...@...@@....@@.@.@@.............@@@....@.............@...@.......@.@...@@......@.....@...@....@...@@.@@@..
......@......@@.....@...........@...........@..@@...@@...@....@....@.@.........@@.@.........@.@...@.@...@....@@.@.@@....@................@@.@.@.......
......@.......@@.....@@...@..@..@.@.@......@@.....@.@@.@....@...@.....@@@@....@.@.@...@..@.....@@.@.@.@.@..@...@@@...@...@@@@.@@@.....@..@.......@....
..@@..@.....@.@.@.....@.@.@@@...@..@.@..@@..@...@..@..@.........@@..............@....@.....@......@........@......@@.@...@.@@....@@...@..@.@@.@.@@....
..@...@..@@@........@@.@..@.@..@...@.@..........@.@@.....@....@....@....@...........@@.....@.......@@@@.......@.@.....@@@..........@@@..@@@@....@...@.
.......@........@.....@..@....@@@@..@...@@.......@@.@.@.........@.........@@..@.@@.@@..@....@@..@.@..@..@@...@@..@....@@.@@.@@@@@.......@...@..@@...@.
.@@..@.@@......@..@.@.....@...@.@@..@@..@......@..@..@.@.@...............@@..@..@@.@@.....@.@.......@@.......@.....@......@..@......@.@....@.@.@@....@
.@...@..@@....@.@.@@.@.@..........@.@...@...@.@.@@.......@..@........@..@.@@......@@....@@....@.@@@...@...@...@....@@@.....@@@.@.@.@.......@@@@@......
.......@@@.....@@......@.....@@@...@..@@@...@..@.@.@.@..@@..@...@.@...@.@.....@..@...@....@@.@...........@...@...@.@.@....@@@....@....@..@.........@..
@@.@..@...@.@@......@.......@.@...........@........@....@....@.@.@@....@.@.....@........@..@..@..@@@@.@.....@.@...@.........@.@...@@...@@......@...@..
@@..@...@...................@@....@.@.........@@@.........@...........@.@@.@@........@.@.@@...@@..........@.@...@..@...............@@@...@.@...@......
@.@.@@@@..@.@..@@@@.@@.@.@.@...@..@.....@@@....@..........@@..@@....@@@.@.@@.................@...@@.@.@@.@.@....@.@@@@@...@.@..@...@.@@@......@..@.@..
@@.......@@..@..........@...........@..@.@....@........@@@@....@@..@@@.@.@..........@..@...@..@@@...........@.......@@@.@.@.@...@.........@@..@....@@@
..@.....@...@.@.@...@..@........@.@....@.@..@.....@@.@@........@..@...@@.@@.@.@.@..@@@@@...@...@.@@.......@@...@..@...@....@....@@......@.@.@@...@....
@...@.@...@...@@@...@@.@@@.@...@.@@.@.@.@.@@......@@.........@.@.@@.....@@....@........@@@....@@..@..@.@.@....@@.@@..@..@.@.@..@..@.......@...........
.......@.....@.@.......@...@@.@@..@.....@.@..@...@..@...@@@@....@.....@@.........@@.@..@.@@..@@...@.@..@..@.@...@.@....@.@..@@@.....@@@@....@...@.@.@@
..@...@@@...@..@@..@...@....@...@.@...@...@.@@...@..@.@.@....@.@....@.@@..@.@..@....@....@...@..@.@@@....@@...@@..@.....@.@@@.......@..@...@@.@..@...@
...@.....@@..@@.........@.....@@@@........@@....@.....@@@.@........@........@.@.@.......@@...@@........@.@@...@.....@@......@@.@...@..@@......@.......
@...@..@.@.@.....@.@..@...@...@...@@@.@@.@.@...@...@...@...@..@.@@....@@@...........@@.........@....@.....@......@...@@@..@.....@....@..@...........@.
..@@.@.@..@.........@.@@.......@.......@..@.@@.@.@@@@..@.....@@..@..@.@..@.@.@.@....@.....@@....@..@.@.@@......@@.........@...@....@....@.@....@@.....
.@.@@.@.@@....@.@@@@.@..@.@.....@....@..@...@...@.@.@......@@......@.....@@.......@....@.....@@..@@@......@.@..............@.@....@.........@....@..@.
........@.@.......@....@.......@.....@....@.@.........@...@.@@@.....@.@..@....@.@..@@@@@...........@@...@..........@@....@.@@@..@.@..@..@.....@@....@.
@@..@....@.@@..@@........@..@.@@.@...@.@......@@.@..@......................@.@..@@..@...@.@@@..@@@.@..@.@.......@.@@..@.....@@...@..@........@..@@..@.
..@.....@....@@@@.@@@@..........@....@............@...@@....@.@@@@........@@@@..........@...@@@...@@......@@......@..@@...@......@...@.@@@...@....@..@
@.@....@.....@@.@.....@.@.@.@@@.@..@..@@......@@@.@@@.................@..@..@@.@...@@.....@@@.@@@....@.@@....@...@...@..@......@@.....@...@.......@.@.
...@....@@@.@..@.......@@...@@..@...@@@.@@.@....@@.@.@..@...@...@.....@@.......@@.@..@.@@@....@@.@@.......@.....@@@.@................@@..@...@@@....@.
@@.@........@.@......@@@.@@@...@.....@@@...@......@@......@.@................@....@@@.@......@.........@.@.@....@@.@.@.@...@......@.....@@@.@.@......@
....@@.@@.@.@..@.......@@@......@@.@...@....@..@.@..@...@.@.@....@....@@@..........@.@...@..@@@@@..@.........@..@@...@....@.@......@@@..@@...@..@.....
..@@....@@....@@@...@.@.@...@@..@.@.@.@...@.@@@....@.@.@@.....@..@.@@..@@....@@....@@....@@.@.......@.......@.@............@@..@...@..@...@..@.@....@@
@@.........@@@....@.@...@@.....@.......@......@..............@..@@@.@.@@.....@@..@@.@.@.@.......@...@.@.@....@@.@@...@.@..@.....@...@........@@@@@..@@
...@...@@@@........@....@..@@........@.@@...@.......@..@@...@.@.........@.........@.@.@@.@@....@.........@..@.....@@...@.@@.@...@@@..@@....@..@.@@....
..@.@..@.@.@.@@.@...@..@..@.@@@@@...@@..@@...@.@.@.@@@.....@@.@.@......@.@.@....@@@..@........@....@...@..@...@.@..@...@...@@.............@.....@.@@..
..@....@........@..@...@...@.@@.@@.....@.......@@@@.....@@.....@...@@.....@@..@@.@@.@..@.@@@...@............@........@.@.....@....@....@@..@.@..@....@
....@.@....@.@.@@...@@.@.@.....@....@....@.@..@...........@@.@...@........@.@@..@@..@.@@.@@..@@...@....@..........@.@...@...@....@.......@.........@..
........@.......@....@...@..@......@.....@...@........@@..@...@..@.@..@........@...@....@.@..@.@@@.@...@....@......@...@@@.@....@..@@.@..............@
.......@@....@....@.@@..@@....@......@@..@.....@..@..@...@.....@....@.....@...@.@.@....@.....@.....@.@@.@.@....@@.@.@.@.........@..........@...@....@.
..........@.......@@@@.......@...@...........@.@.@...@...@..@.@.@.@.....@@.......@.......@..@..@@..@......@....@....@@@....@....@......@...@..@@..@@..
.@..@..@..@.@.@...@..@..@...@..@..@...@..@....@.@.@@@..@.@............@...@..@@...@@.@.@......@....@.@..@...@.@............@...@..@.@.........@@....@@
......@.@......@.....@@..@...............@@.....@....@@@@@....@..........@.@@..........@.@......@.@@..@@.....@...@..@@.@@..@....@@..@...........@.@...
....@....@@@......@....@@.@.@@@@..@.@@.@.@@@@.....@..@..@@..@...@....@.@@@@.......@@..@...@.@.@..@.....@.@..........@..@@........@@@@@.@.@....@..@...@
........@.@......@...@.@@.@@@@.....@.@........@@....@..@@@@.........@....@..@....@.....@...@..@...@....@@.@@......@..@...@..@@......@....@..@...@..@..
..@.........@.@@...........@.@..@...@..@.....@@.@......@.@@.......@@@@@..@.@.........@....@..@....@.....@@.@........@....@..@@..@...@..@.@..@.@..@@...
..@.@......@.........@.......@@......@...@...@..@@..@@...@.@..@.@....@...@..@.@......@@............@.......@...........@..@@........@.@.@......@....@.
..@@..@.@...@......@...@@.@.@......@..@..@.....@......@@.@.@.@.....@..@@@.@.@..@@....................@....@..@..@.@@@....@..............@.@@@@......@.
.@.@.@@@@.....@..@@.@.......@..@..@..@...@..@....@@.....@@.......@..@.......@@..@@@.@.@..@...@.@@..........@...@@....@.......@@..@@.......@....@...@.@
..@@@.@@.......@@.@..@...@....@.@@...@....@.@@.@.@@.......@.@..@...@@.....@@.......@...@..@@...@.@....@.@@...@@..@@..@..@....@..@....@@..@.......@@.@@
.........@..@.......@@.@..@@..@..@...@.@.....@......@@......@.@@.@......@..........@.....@...@..@@@..@.@..........@.@@@@@...@@.............@...@@@.@.@
.@...@......@..@@...@@.@@.@.........@..@..@.@.@..@........@...@...@....@@@.@.@............@@.@@@@...@....@...@...@@@...@................@.@.@........@
@@.@.......@@..@....@.....@.@....@..@@....@......@......@.@...@@@.@..@....@@......@..@@.....@.@......@@@.@...@.@..@@.....................@.@...@.@...@
@.......@.....@........@.@..@.@...@..@@..............@@.@....@........@.@.@..@..@@...@....@@.....@.......@.....@.@..@....@.@@@@.@@......@.@@@.@.......
@...@@...@.@..@.@....@.....@@@.@.......@.@.@....@.@.@....@@@@@@.@@...@..@...@.@....@..@.@..@@.@..@....@......@.@@.....@@.@.@..........@@.@.@.@....@@@@
.......@.@.@....@..@.....@..@...@..........@...@.@.@.@....@@@..@..@.@....@@@......@....@..@@@.@.@.@....@............@...@.@..@......@....@.@.......@..
....@.......@....@....@........@@.@......@@@.............@.@.......@@........@..@.@.@@@..@@....@.....@@.........@...@@.@@.......@...@.@..@@...@.@.@.@.
.....@..........@.@........@....@@.....@@.@@@..........@@....@.............@.@.@@.....@@..@..@@...@......@@.@.@.@..@..@@@@..@..........@.@....@@......
@......@.@@.@..............@......@......@.@.@.@@....@........@.@.@.@...@@.....@@.@@...@.@.@..@.@........@...@@@....@.@@..@.@..........@@........@....
@@.@.............@@.....@.@..@@..@..@.@..@.@.......@.@.@.@.@.@....@..@@......@.@....@.@.......@@@@@..@.@..@@@.......@@@@.....@......@.@......@@...@.@.
..@..@...@..@.@....@@....@.@...@...@.....@.@...@@.@@...@..@@...@...@@....@..@@@.@..........@@..........@.@...@.@@.@..@...@.....@@@@@@@.@.@....@@...@..
..@...@.@@..@.@....@.@...@...........@..@...@.....@...@.@.@.....@@@..@.@..@......@..@@@...@@@@@@.@...@@.@........@..@...@.@@.@....@@...@.....@@..@@...
....@.........@....@....@@@@.@@.@@@@..@@.@...@..@.@.......@@.@..........@...@....@@..@@.....@......@..@@..@@...@@.@.@..@.@@@@....@@.@.@..@.@...@..@@@@
.@.............@.......@@@@..@.@@..@.@@.@...@@..@..@.@@@......@........@@.@@.@.@.@.@@.@..@.@...@.@.@...@@..@..@@.@@@.@@@@@...@@@.@@@@@@.@.......@@@.@.
@..@....@.....@.......@@...@@@@@.........@@@..@@@..@@@.........@@...........@.@.....@..@@@..@..@.........@@.....@..@......@.@...@..@...@@@@@@.@...@...
.@......@..@...@....@..@.@@.@.@.@@......@...@......@........@@......@....@...@.@@@...@......@..............@...@...@.@@.@.@..@@@@.@@.@...@..@.....@@.@
@@......@...@@@..@.........@@@....@...@..@@....@.@.....@.....@@....@...@...@........@@..@...@.....@..@.......@..@....@.......@...@@..@...@.@........@.
@.......@.@..@.....@.@...@.....@....@.....@@.@@.@.....@.@....@@.@.........@.@@@@@@...@..@@....@.......@.@......@.....@...@..@.@.@..@@.@.....@..@.@....
...@..@...@....@.@@@..@..@@.@..@..@....@..@..@.@..@.@@.@.@@...@..@..........@....@@@.@.@...........@..@@..@.@.@..@.@@@..@.........@@....@..@..@@......
@.@@@.....@.....@..@.@.@......@@...............@...@.........@..........@...@.@@@..@......@.@@....@@..@....@@.@@.@....@...@...@.@..@....@@.@......@.@.
@.@...@@....@...@..@..@.@.@@..@@.@.@@@@@...@..@...@@..@@..@@.........@@.....@.@.@.......@....@....@.@......@.@@@..............@@.........@..@@@..@..@@
.@...@@@..@..@........@...@.............@......@....@@..@@.@...@........@.@..@.@.....@.@.....@@...@.....@.@..@.@.@@..@.@.....@@...@..@@@.@.@.....@.@..
.@.@..@...@.@.@.....@.@.@@.@.@.......@@.....@...@..@@..@@@....@.@....@.@.....@.....@.....@....@.....@@.@@.@@....@@@.@..@...@@..@..@.@@@.@...@.........
.@@....@..........@..@...@.@...@..@..@@...............@...@....@.........@....@@.....@...........@@......@.@@.@@...@..@..@..@@.@.@.....@......@...@...
.@..@@@.@....@.@@@.........@@.@....@.@........@@......@..@...@@......@........@...@...@....@...@...@@@.@@@@.....@..@@......@...@..@..@.@..@...@....@@.
....@......@..@@.@...@.@.@..@.@.@.@..@.......@..@.@@...@..@@.@@@.@.@.....@.......@..@........@@...@.@.......@.@...@............@..@@......@.@@..@...@.
.......@..@..@@@........@@@.@..@...@@.......@.........@...@.....@.@..@@.....@..@@...@....@@.@...............@..@.@@.@........@.....@@...@..@@..@......
...@...@@..@...@.@....@@....@....@.@@@..@..@@...@@..@..@.......@..........@@....@.@....@.@..@....@.@.@.@@..@.@....@......@.......@@.@....@.@.....@.@..
......@.....@...@.@@@@@...@....@.@....@..@.@..@@....@@...@.......@.......@...@@..@@@@.@.....@@..@.....@.....@.@.........@@............@.....@@.@.@@.@.
.@.@@.......@@....@........@.@@.@..@@@..@.@.......@.......@..@....@.....@.@@@@..@.@................@......@....@...@....@.@@........@...@.......@....@
.@..@.....@......@....@..@..@.........@..@.......@..@.....@.@.@@@.@@@..@@.@.@@..@.@.@@@@...........@.@@@@..@.@.@..@.....@.@.....@...........@@..@...@.
..@@...@.....@........@...@.@.......@...@..@..@......@........@......@..@@....@..@...@....@...@@.@.@..@.............@..........@....@..@..@@....@.....
..@.@...@..@..@@..@...@........@@.@@..........@@........@.@@@@@@..@...........@................@.@......@......@..@...@........@.@@..@...@...@@.....@.
@........@@....@.....@@..@..@..@@.@@@....@.@.@..@......@.@.@.....@.@......@.@.@............@@..@...@.@.@.@....@.....@.@..@.@@..@@....@..@...@@@@@.@..@
.@@@..@.@@.....@.....@..@.......@@.........@@....@.@.....@..@...@...@.....@....@..@@@.@...@.@......@....@.....@..@@...@@..@..@@@...@...@.@...@.......@
........@@.@......@...@....@..@...@@@.@..@..@@...@...................@....@....@............@.....@...@....@@.@...@..@..@..@@@..@..@@......@@@@...@@@.
@..@@.@.@@...@.@...@@......@.@@....@.@...........@@...........@@..@...@.@....@...@@......@.......@@.@@..@.@......@.@@.........@.....@@@.@@...@......@.
......@@@..@...@@@@.@....@@.....@.@@...@..@....@....@.@.....@@@....@...@@@....@...........@.@.@@@.....@.......@....@@..@...@..........@@.@.@.@..@@....
..@.@.@@..@.@..@..@..@@@.........@...@.....@@.....@........@@........@........@@@....@@...........@@.@@..@.....@.....@..@...@.....@@.@@..........@..@@
..@...@@....@...@@.@@@.@.@@.@......@....@..@...@....@..@@..@..@@@@...@........@@..@........@.@@@@@.@....@@...@..@.....@@@......@......@...............
..@...@@..@.@.@@.@@...@..........@.@....@@...@@.....@.@..@@..@....@..@...@..@......@.......@.@.@@@..@@@..@@..@.........@....@.........@......@...@....
.@.....@.@.@...........@@@..@.@.@.@@.....@.@..@@@.@.....@....@...@....@...@..@@@@.......@@@...@.@...@.@...@...@..@..@..@@........@.....@....@.@..@...@
...@@...@..@.@...@@....@........@..@@..@...@.@..@@..@.@.@....@@....@.@...@...@....@.....@.....@@...@.......@.@.@..@...@...@@@@@@.@@.@.....@.......@@.@
..@@@.@......@@..@.@@@..@..@.....@@.@.@..@@@.@..@.....@@@.......@.@....@@@..@@.......@@..@@.....@.@.@@...........@......@@......@@...@...@@@.@..@@.@..
@..@....@..@....@.@...@..@...@......@@....@@..@@@.....@@...@...@....@@................@@.@..@.@..@.@@..@.....@.....@@....@@@@..@@.@..@..@.....@.@...@.
...@.@....@.@..................@.@@@@...@..@@...@@....@@.....@.......@@.........@@@@.......@..@@.@..@.@@............@.@.@..@....@..@.@...@.@@..@....@.
.@@...@.@@.....@............@.......@@...@....@......@@.@.@....@...........@@.@@@@.@@@...@.@.....@@...@......@.@.....@@....@..@.....@.@..@..@...@.....
........@....@...@...@@..@...@.@.............@@..@..@.@@.@..@...........@.@...@...@.@.......@......@.@....@..........@......@@.@@....@@@@.@..@.@....@.
@.@@.@......@.......@@.@@....@....@..@.@.@...@...@@.......@..@.....@...@...@.......@..@..@..@@.@............@...@...@@.@......@..@@@@@@....@@.@@...@..
..@.....@.......@....@......@.......@......@.@@..@.@...@..@................@....@.......@@@...@........@@@@@...@@....@...@..@.@@...@@@.@@@...@.@@.@@..
.@.........@@...@.@........@........@.@...@@@...@.@.@..@...@...@...@.....@.@.@@.@@.@@@.......@@...@....@.@@...@@...@..@...@..@@..@..@@....@@.@@....@@.
...@.....@.@.@..@.....@.@@.@@.@............@........@...........@....@...@..@....@@...@.@.@@.@...@.....@..@......@@@@.@@..@.............@@.......@.@..
..@..@..........@....@.....@@@....@...@@....@...@..@....@...@@...@@@..@...@@..@........@....@@@@...@..@.@.@.....@@....@@@@.......@.....@.@.@.@.@@.@.@.
......@.@......@@..@...@......@..@.............@@.....@@......@.@.......@......@..@..@.....@@......@..@....@@.@@...@@..@.....@.@.@.@......@...@@......
.@@..@...@@.@.@.@@@..@...@...@..@...@@@.....@@@.@@..........@......@.@.@....@.....@....@................@....@@..@..........@@...@....@.........@@@@@.
.@@.......@..@.@............@..........@.@.........@....@@...@..@.....@....@.@......@..@@....@...@@@.@...@@@@..@.@@@...@.@......@......@..@..@....@...
@....@............@....@.....@........@............@.@.@.........@@..@.....@@.@@..@............@...........@@.@.@@......@....@.@.@.@...@@....@.@......
.....@....@@@@.......@..@@.@...@.@..@...@...@...@@@....@@..@....@@@@@......@.@......@.@@.....@@...........@..@.@.@@...@@....@...@.............@...@..@
@.@..@..@.........@..@@..@.@..@@...........@.@.@@...........@@....@...........@..........@@.@..@...@@....@@....@.....@.@...@.@@@.@.....@@.....@.......
..@@.@...@@@@@..@..@@.@......@..@.@......@@.....@....@.....@........@.@...@.@.@@@..........@@......@..........@@.........@......@.......@@.@...@....@@
@@..@@..@...@..@..@....@@.@.@..@.@@.@@...@.......@.@......@..........@....@.@@.@@.@..@@.@.....@.@.@...@..@.@@.@....@...@.@@....@..@@@..........@@.@@..
......@...@........@@@.....@.....@............@@....@.@.....@.@....@.@@..@@....@..@.......@...@.@...@@.@....@......@.....@......@..@.........@.@.@....
...@....@....@@.@@@@...@@........@@@@@..@@....@...@.........@..@@..@@..@.......@..@..@.....@@..........@..@.@..@.@.@..@.@.@.@@@@..@.@...@....@........
@@.@@..@.........@...@.@...@....@..........@....@.@@..@.........@..@@@......@@.........@..@......@..@@..@...@..@...@...@...@.....@.....@........@.@...
...@..........@.@@.@....@..@.@..........@@.........@...@@.........@....@.@..@......@@....@.@..@....@@@...@@.@...........@.....@.@.@............@..@.@.
.@..@...@......@@...@@...@@.@...@@...@.....@....@@..@.@.@.............@..@@..........@..@..@..@......@...@...@......@.........@.......@@.@@@@....@@@@.
...@...........@.@..@.........@.@.............................@.....@.@.@...@@@.@...@.@.@...@@......@...@.@@@...@........@.............@...@..@..@.@@@
.......@.@@@@....@@.@.....@.@........@..@@@.@.@@.@..@...@.@...@.....@.....@.@@@@@@...@.........@...@..@...@.@..@....@...........@...@@.@..@@.@...@....
.@@.@..................@....@....@.@...@@@..........@@..@...@.....@@@@@@...@..@@.@......@@........@@@...@....@.......@@@@@.........@@....@....@...@@..
...@....@...@@.@.@.@...@.....@@.....@.......@....@...@..@..@@..@..@@@@.@........@....@@.........@.@@.@.@@@...@......@...@....@@.....@...@.......@..@@.
......@.@.@......@.......@@......@........@@......@.@.@@.....@@.@...@.@............@..@..@.....@@.@.@......@@.....@.@.@@@...@@.@.......@.@@........@..
@....@......@.@@@.@..@.@@...@.........@@@.@...@@@..@@...@@....@@..@@...@...@......@.........@@...@..@..@.@@@.@@..@@.@......@..@..@...@@@@.....@@..@...
@.....@.@...@....@.....@.@.....@.@.@..@......@..@@...@@..@.......@...@@@.............@..@.@..@.@......@..@...@..............@@.............@.@........
..@@..@@@@....@......@@.@@.@@.........@........@...@@......@..@.@.......@.@@...@......@.@@.@@...@.@@@@.@......@..@.....@......................@@...@@@
.......@.....@@.@.@.@...@......@@.@....@@...@.@.@....@.@.....@@....@...@@@...@.....@...@..@.@@...@@..@........@..@.........@@@@.@...@.@.@.@.@.@.@..@..
